../Core/Src/main.c:103:5:main	8	static
../Core/Src/main.c:177:6:SystemClock_Config	120	static
../Core/Src/main.c:237:13:MX_I2C1_Init	8	static
../Core/Src/main.c:285:13:MX_I2C2_Init	8	static
../Core/Src/main.c:333:13:MX_I2C3_Init	8	static
../Core/Src/main.c:381:13:MX_I2C4_Init	8	static
../Core/Src/main.c:429:13:MX_SPI1_Init	8	static
../Core/Src/main.c:477:13:MX_SPI2_Init	8	static
../Core/Src/main.c:525:13:MX_SPI4_Init	8	static
../Core/Src/main.c:573:13:MX_TIM1_Init	112	static
../Core/Src/main.c:665:13:MX_TIM2_Init	64	static
../Core/Src/main.c:736:13:MX_TIM3_Init	64	static
../Core/Src/main.c:799:13:MX_TIM16_Init	80	static
../Core/Src/main.c:862:13:MX_TIM17_Init	80	static
../Core/Src/main.c:925:13:MX_UART4_Init	8	static
../Core/Src/main.c:973:13:MX_USART1_UART_Init	8	static
../Core/Src/main.c:1021:13:MX_USART2_UART_Init	8	static
../Core/Src/main.c:1069:13:MX_USART3_UART_Init	8	static
../Core/Src/main.c:1117:13:MX_USART6_UART_Init	8	static
../Core/Src/main.c:1165:13:MX_GPIO_Init	64	static
../Core/Src/main.c:1223:6:MPU_Config	24	static
../Core/Src/main.c:1254:6:Error_Handler	4	static,ignoring_inline_asm
